2026-09-01 02:46:24.430 | DEBUG    | utils.logger:debug:20 - [FaceSnapshot] Buffer criado para track #1
2026-09-01 02:46:24.431 | DEBUG    | utils.logger:debug:20 - [FaceEmbedding] Track #1 embedding capturado (1/8)
2026-09-01 02:46:24.432 | DEBUG    | utils.logger:debug:20 - [FaceSnapshot] Track #1 → face_0001_3.jpg
2026-09-01 02:46:24.432 | DEBUG    | utils.logger:debug:20 - [FaceEmbedding] Track #1 embedding capturado (2/8)
2026-09-01 02:46:24.433 | DEBUG    | utils.logger:debug:20 - [FaceSnapshot] Track #1 → face_0002_6.jpg
2026-09-01 02:46:24.433 | DEBUG    | utils.logger:debug:20 - [FaceEmbedding] Track #1 embedding capturado (3/8)
2026-09-01 02:46:24.433 | DEBUG    | utils.logger:debug:20 - [FaceSnapshot] Track #1 → face_0003_9.jpg
2026-09-01 02:46:24.434 | DEBUG    | utils.logger:debug:20 - [FaceEmbedding] Track #1 embedding capturado (4/8)
2026-09-01 02:46:24.434 | DEBUG    | utils.logger:debug:20 - [FaceSnapshot] Track #1 → face_0004_12.jpg
2026-09-01 02:46:24.435 | DEBUG    | utils.logger:debug:20 - [FaceEmbedding] Track #1 embedding capturado (5/8)
2026-09-01 02:46:24.435 | DEBUG    | utils.logger:debug:20 - [FaceSnapshot] Track #1 → face_0005_15.jpg
2026-09-01 02:46:24.435 | DEBUG    | utils.logger:debug:20 - [FaceEmbedding] Track #1 embedding capturado (6/8)
2026-09-01 02:46:24.436 | DEBUG    | utils.logger:debug:20 - [FaceSnapshot] Track #1 → face_0006_18.jpg
2026-09-01 02:46:24.436 | DEBUG    | utils.logger:debug:20 - [FaceEmbedding] Track #1 embedding capturado (7/8)
2026-09-01 02:46:24.437 | DEBUG    | utils.logger:debug:20 - [FaceSnapshot] Track #1 → face_0007_21.jpg
2026-09-01 02:46:24.437 | DEBUG    | utils.logger:debug:20 - [FaceEmbedding] Track #1 embedding capturado (8/8)
2026-09-01 02:46:24.437 | DEBUG    | utils.logger:debug:20 - [FaceSnapshot] Track #1 → face_0008_24.jpg
2026-09-01 02:46:24.438 | DEBUG    | utils.logger:debug:20 - [FaceEmbedding] Track #1 limite atingido (8/8)
2026-09-01 02:46:24.438 | DEBUG    | utils.logger:debug:20 - [FaceSnapshot] Track #1 → face_0009_27.jpg
2026-09-01 02:46:24.438 | DEBUG    | utils.logger:debug:20 - [FaceEmbedding] Track #1 limite atingido (8/8)
2026-09-01 02:46:24.439 | DEBUG    | utils.logger:debug:20 - [FaceSnapshot] Track #1 → face_0010_31.jpg
2026-09-01 02:46:24.439 | DEBUG    | utils.logger:debug:20 - [FaceEmbedding] Track #1 limite atingido (8/8)
2026-09-01 02:46:24.439 | DEBUG    | utils.logger:debug:20 - [FaceSnapshot] Track #1 → face_0011_34.jpg
2026-09-01 02:46:24.440 | DEBUG    | utils.logger:debug:20 - [FaceEmbedding] Track #1 limite atingido (8/8)
2026-09-01 02:46:24.440 | DEBUG    | utils.logger:debug:20 - [FaceSnapshot] Track #1 → face_0012_37.jpg
2026-09-01 02:46:24.440 | DEBUG    | utils.logger:debug:20 - [FaceEmbedding] Track #1 limite atingido (8/8)
2026-09-01 02:46:24.441 | DEBUG    | utils.logger:debug:20 - [FaceSnapshot] Track #1 → face_0013_40.jpg
2026-09-01 02:46:24.445 | DEBUG    | utils.logger:debug:20 - [FaceSnapshot] Buffer criado para track #1
2026-09-01 02:46:24.445 | DEBUG    | utils.logger:debug:20 - [FaceEmbedding] Track #1 embedding capturado (1/8)
2026-09-01 02:46:24.446 | DEBUG    | utils.logger:debug:20 - [FaceSnapshot] Track #1 → face_0001_3.jpg
2026-09-01 02:46:24.446 | DEBUG    | utils.logger:debug:20 - [FaceEmbedding] Track #1 embedding capturado (2/8)
2026-09-01 02:46:24.446 | DEBUG    | utils.logger:debug:20 - [FaceSnapshot] Track #1 → face_0002_6.jpg
2026-09-01 02:46:24.447 | DEBUG    | utils.logger:debug:20 - [FaceEmbedding] Track #1 embedding capturado (3/8)
2026-09-01 02:46:24.447 | DEBUG    | utils.logger:debug:20 - [FaceSnapshot] Track #1 → face_0003_9.jpg
2026-09-01 02:46:24.447 | DEBUG    | utils.logger:debug:20 - [FaceEmbedding] Track #1 embedding capturado (4/8)
2026-09-01 02:46:24.448 | DEBUG    | utils.logger:debug:20 - [FaceSnapshot] Track #1 → face_0004_12.jpg
2026-09-01 02:46:24.448 | DEBUG    | utils.logger:debug:20 - [FaceEmbedding] Track #1 embedding capturado (5/8)
2026-09-01 02:46:24.448 | DEBUG    | utils.logger:debug:20 - [FaceSnapshot] Track #1 → face_0005_15.jpg
2026-09-01 02:46:24.448 | DEBUG    | utils.logger:debug:20 - [FaceEmbedding] Track #1 embedding capturado (6/8)
2026-09-01 02:46:24.449 | DEBUG    | utils.logger:debug:20 - [FaceSnapshot] Track #1 → face_0006_18.jpg
2026-09-01 02:46:24.449 | DEBUG    | utils.logger:debug:20 - [FaceEmbedding] Track #1 embedding capturado (7/8)
2026-09-01 02:46:24.449 | DEBUG    | utils.logger:debug:20 - [FaceSnapshot] Track #1 → face_0007_21.jpg
2026-09-01 02:46:24.450 | DEBUG    | utils.logger:debug:20 - [FaceEmbedding] Track #1 embedding capturado (8/8)
2026-09-01 02:46:24.450 | DEBUG    | utils.logger:debug:20 - [FaceSnapshot] Track #1 → face_0008_24.jpg
2026-09-01 02:46:24.451 | DEBUG    | utils.logger:debug:20 - [FaceEmbedding] Track #1 limite atingido (8/8)
2026-09-01 02:46:24.451 | DEBUG    | utils.logger:debug:20 - [FaceSnapshot] Track #1 → face_0009_27.jpg
2026-09-01 02:46:24.455 | DEBUG    | utils.logger:debug:20 - [FaceSnapshot] Buffer criado para track #1
2026-09-01 02:46:24.455 | DEBUG    | utils.logger:debug:20 - [FaceEmbedding] Track #1 embedding capturado (1/8)
2026-09-01 02:46:24.456 | DEBUG    | utils.logger:debug:20 - [FaceSnapshot] Track #1 → face_0001_100.jpg
2026-09-01 02:46:24.459 | DEBUG    | utils.logger:debug:20 - [FaceSnapshot] Buffer criado para track #1
2026-09-01 02:46:24.460 | DEBUG    | utils.logger:debug:20 - [FaceEmbedding] Track #1 embedding capturado (1/8)
2026-09-01 02:46:24.460 | DEBUG    | utils.logger:debug:20 - [FaceSnapshot] Track #1 → face_0001_100.jpg
2026-09-01 02:46:24.460 | DEBUG    | utils.logger:debug:20 - [FaceEmbedding] Track #1 embedding ignorado — intervalo não atingido (2.5s < 3.0s)
2026-09-01 02:46:24.461 | DEBUG    | utils.logger:debug:20 - [FaceSnapshot] Track #1 → face_0002_102.jpg
2026-09-01 02:46:24.465 | DEBUG    | utils.logger:debug:20 - [FaceSnapshot] Buffer criado para track #1
2026-09-01 02:46:24.465 | DEBUG    | utils.logger:debug:20 - [FaceEmbedding] Track #1 embedding capturado (1/8)
2026-09-01 02:46:24.465 | DEBUG    | utils.logger:debug:20 - [FaceSnapshot] Track #1 → face_0001_100.jpg
2026-09-01 02:46:24.465 | DEBUG    | utils.logger:debug:20 - [FaceEmbedding] Track #1 embedding ignorado — intervalo não atingido (1.5s < 3.0s)
2026-09-01 02:46:24.467 | DEBUG    | utils.logger:debug:20 - [FaceEmbedding] Track #1 embedding capturado (2/8)
2026-09-01 02:46:24.467 | DEBUG    | utils.logger:debug:20 - [FaceSnapshot] Track #1 → face_0002_103.jpg
2026-09-01 02:46:24.471 | DEBUG    | utils.logger:debug:20 - [FaceSnapshot] Buffer criado para track #1
2026-09-01 02:46:24.471 | DEBUG    | utils.logger:debug:20 - [FaceEmbedding] Track #1 embedding capturado (1/8)
2026-09-01 02:46:24.471 | DEBUG    | utils.logger:debug:20 - [FaceSnapshot] Track #1 → face_0001_100.jpg
2026-09-01 02:46:24.472 | DEBUG    | utils.logger:debug:20 - [FaceSnapshot] Buffer criado para track #2
2026-09-01 02:46:24.472 | DEBUG    | utils.logger:debug:20 - [FaceEmbedding] Track #2 embedding capturado (1/8)
2026-09-01 02:46:24.472 | DEBUG    | utils.logger:debug:20 - [FaceSnapshot] Track #2 → face_0001_100.jpg
2026-09-01 02:46:24.473 | DEBUG    | utils.logger:debug:20 - [FaceEmbedding] Track #1 embedding ignorado — intervalo não atingido (0.1s < 3.0s)
2026-09-01 02:46:24.473 | DEBUG    | utils.logger:debug:20 - [FaceEmbedding] Track #2 embedding ignorado — intervalo não atingido (0.1s < 3.0s)
2026-09-01 02:46:24.476 | DEBUG    | utils.logger:debug:20 - [FaceSnapshot] Buffer criado para track #1
2026-09-01 02:46:24.477 | DEBUG    | utils.logger:debug:20 - [FaceEmbedding] Track #1 embedding capturado (1/8)
2026-09-01 02:46:24.477 | DEBUG    | utils.logger:debug:20 - [FaceSnapshot] Track #1 → face_0001_100.jpg
2026-09-01 02:46:24.477 | DEBUG    | utils.logger:debug:20 - [FaceEmbedding] Track #1 embedding capturado (2/8)
2026-09-01 02:46:24.478 | DEBUG    | utils.logger:debug:20 - [FaceSnapshot] Track #1 → face_0002_103.jpg
2026-09-01 02:46:24.478 | DEBUG    | utils.logger:debug:20 - [FaceSnapshot] Buffer criado para track #2
2026-09-01 02:46:24.478 | DEBUG    | utils.logger:debug:20 - [FaceEmbedding] Track #2 embedding capturado (1/8)
2026-09-01 02:46:24.479 | DEBUG    | utils.logger:debug:20 - [FaceSnapshot] Track #2 → face_0001_100.jpg
2026-09-01 02:46:24.483 | DEBUG    | utils.logger:debug:20 - [FaceSnapshot] Buffer criado para track #1
2026-09-01 02:46:24.483 | DEBUG    | utils.logger:debug:20 - [FaceEmbedding] Track #1 embedding capturado (1/8)
2026-09-01 02:46:24.483 | DEBUG    | utils.logger:debug:20 - [FaceSnapshot] Track #1 → face_0001_100.jpg
2026-09-01 02:46:24.484 | DEBUG    | utils.logger:debug:20 - [FaceSnapshot] Buffer criado para track #2
2026-09-01 02:46:24.484 | DEBUG    | utils.logger:debug:20 - [FaceEmbedding] Track #2 embedding capturado (1/8)
2026-09-01 02:46:24.484 | DEBUG    | utils.logger:debug:20 - [FaceSnapshot] Track #2 → face_0001_100.jpg
2026-09-01 02:46:24.485 | DEBUG    | utils.logger:debug:20 - [FaceSnapshot] Buffer criado para track #3
2026-09-01 02:46:24.485 | DEBUG    | utils.logger:debug:20 - [FaceEmbedding] Track #3 embedding capturado (1/8)
2026-09-01 02:46:24.485 | DEBUG    | utils.logger:debug:20 - [FaceSnapshot] Track #3 → face_0001_100.jpg
2026-09-01 02:46:24.486 | DEBUG    | utils.logger:debug:20 - [FaceEmbedding] Track #1 embedding ignorado — intervalo não atingido (0.5s < 3.0s)
2026-09-01 02:46:24.486 | DEBUG    | utils.logger:debug:20 - [FaceEmbedding] Track #2 embedding ignorado — intervalo não atingido (0.5s < 3.0s)
2026-09-01 02:46:24.486 | DEBUG    | utils.logger:debug:20 - [FaceEmbedding] Track #3 embedding ignorado — intervalo não atingido (0.5s < 3.0s)
2026-09-01 02:46:24.490 | DEBUG    | utils.logger:debug:20 - [FaceSnapshot] Buffer criado para track #1
2026-09-01 02:46:24.490 | DEBUG    | utils.logger:debug:20 - [FaceEmbedding] Track #1 embedding capturado (1/8)
2026-09-01 02:46:24.490 | DEBUG    | utils.logger:debug:20 - [FaceSnapshot] Track #1 → face_0001_100.jpg
2026-09-01 02:46:24.494 | WARNING  | utils.logger:warning:14 - [FaceEmbedding] Embedding rejeitado: dimensão=64, esperado=128, track=1
2026-09-01 02:46:24.497 | WARNING  | utils.logger:warning:14 - [FaceEmbedding] Embedding rejeitado: dimensão=None, esperado=128, track=1
2026-09-01 02:46:24.501 | DEBUG    | utils.logger:debug:20 - [FaceStorage] Embedding registrado para 'João'
2026-09-01 02:46:24.503 | WARNING  | utils.logger:warning:14 - [FaceReID] Embedding rejeitado: dimensão=64, esperado=128
2026-09-01 02:46:24.505 | DEBUG    | utils.logger:debug:20 - [FaceStorage] Embedding registrado para 'Maria'
2026-09-01 02:46:24.506 | INFO     | utils.logger:info:11 - [FaceReID] 'Maria' (HIGH_CONFIDENCE, sim=0.981) | 1 candidato(s)
2026-09-01 02:46:24.509 | DEBUG    | utils.logger:debug:20 - [FaceSnapshot] Buffer criado para track #1
2026-09-01 02:46:24.510 | DEBUG    | utils.logger:debug:20 - [FaceEmbedding] Track #1 embedding capturado (1/8)
2026-09-01 02:46:24.510 | DEBUG    | utils.logger:debug:20 - [FaceSnapshot] Track #1 → face_0001_103.jpg
2026-09-01 02:46:24.510 | DEBUG    | utils.logger:debug:20 - [FaceEmbedding] Track #1 embedding capturado (2/8)
2026-09-01 02:46:24.511 | DEBUG    | utils.logger:debug:20 - [FaceSnapshot] Track #1 → face_0002_106.jpg
2026-09-01 02:46:24.511 | DEBUG    | utils.logger:debug:20 - [FaceEmbedding] Track #1 embedding capturado (3/8)
2026-09-01 02:46:24.512 | DEBUG    | utils.logger:debug:20 - [FaceSnapshot] Track #1 → face_0003_109.jpg
2026-09-01 02:46:24.512 | DEBUG    | utils.logger:debug:20 - [FaceEmbedding] Track #1 embedding capturado (4/8)
2026-09-01 02:46:24.513 | DEBUG    | utils.logger:debug:20 - [FaceSnapshot] Track #1 → face_0004_112.jpg
2026-09-01 02:46:24.513 | DEBUG    | utils.logger:debug:20 - [FaceEmbedding] Track #1 embedding capturado (5/8)
2026-09-01 02:46:24.514 | DEBUG    | utils.logger:debug:20 - [FaceSnapshot] Track #1 → face_0005_115.jpg
2026-09-01 02:46:24.514 | DEBUG    | utils.logger:debug:20 - [FaceEmbedding] Track #1 embedding capturado (6/8)
2026-09-01 02:46:24.514 | DEBUG    | utils.logger:debug:20 - [FaceSnapshot] Track #1 → face_0006_118.jpg
2026-09-01 02:46:24.515 | DEBUG    | utils.logger:debug:20 - [FaceEmbedding] Track #1 embedding capturado (7/8)
2026-09-01 02:46:24.515 | DEBUG    | utils.logger:debug:20 - [FaceSnapshot] Track #1 → face_0007_121.jpg
2026-09-01 02:46:24.515 | DEBUG    | utils.logger:debug:20 - [FaceEmbedding] Track #1 embedding capturado (8/8)
2026-09-01 02:46:24.516 | DEBUG    | utils.logger:debug:20 - [FaceSnapshot] Track #1 → face_0008_124.jpg
2026-09-01 02:46:24.533 | INFO     | utils.logger:info:11 - [FaceStorage] Track #1 promovido → storage\face_tracks\events\evt_test_001\track_1 (8 embeddings, 8 foto(s))
2026-09-01 02:46:24.537 | DEBUG    | utils.logger:debug:20 - [FaceSnapshot] Gatilho para track #999 sem buffer facial.
2026-09-01 02:46:24.540 | DEBUG    | utils.logger:debug:20 - [FaceStorage] Face temporária criada: be17d6ca (track #77)
2026-09-01 02:46:24.540 | DEBUG    | utils.logger:debug:20 - [FaceStorage] Face temporária expirada: be17d6ca
2026-09-01 02:46:24.540 | INFO     | utils.logger:info:11 - [FaceStorage] 1 face(s) temporária(s) expirada(s).
2026-09-01 02:46:24.543 | DEBUG    | utils.logger:debug:20 - [FaceStorage] Face temporária criada: ded49f0e (track #42)
2026-09-01 02:46:24.544 | DEBUG    | utils.logger:debug:20 - [FaceStorage] Embedding registrado para 'João'
2026-09-01 02:46:24.545 | INFO     | utils.logger:info:11 - [FaceReID] 'João' (HIGH_CONFIDENCE, sim=0.953) | 1 candidato(s)
2026-09-01 02:46:24.547 | DEBUG    | utils.logger:debug:20 - [FaceStorage] Embedding registrado para 'João'
2026-09-01 02:46:24.548 | WARNING  | utils.logger:warning:14 - [FaceReID] Embedding rejeitado: dimensão=64, esperado=128
2026-09-01 02:46:24.549 | DEBUG    | utils.logger:debug:20 - [FaceStorage] Embedding registrado para 'João'
2026-09-01 02:46:24.550 | WARNING  | utils.logger:warning:14 - [FaceReID] Embedding rejeitado: dimensão=64, esperado=128
2026-09-01 02:46:24.550 | WARNING  | utils.logger:warning:14 - [FaceReID] Embedding rejeitado: dimensão=32, esperado=128
2026-09-01 02:46:24.550 | WARNING  | utils.logger:warning:14 - [FaceReID] Embedding rejeitado: dimensão=256, esperado=128
2026-09-01 02:46:24.552 | DEBUG    | utils.logger:debug:20 - [FaceStorage] Embedding registrado para 'João'
2026-09-01 02:46:24.552 | INFO     | utils.logger:info:11 - [FaceReID] 'João' (HIGH_CONFIDENCE, sim=0.979) | 1 candidato(s)
2026-09-01 02:46:24.553 | INFO     | utils.logger:info:11 - [FaceStorage] Track #10 → 'João'
2026-09-01 02:46:24.554 | DEBUG    | utils.logger:debug:20 - [FaceStorage] Embedding registrado para 'João'
2026-09-01 02:46:24.557 | DEBUG    | utils.logger:debug:20 - [FaceStorage] Embedding registrado para 'João'
2026-09-01 02:46:24.581 | INFO     | utils.logger:info:11 - [FaceDetector] Haar Cascade (frontal) inicializado — modo leve.
2026-09-01 02:46:51.292 | INFO     | utils.logger:info:11 - === Iniciando Cam-Security ===
2026-09-01 02:46:51.293 | INFO     | utils.logger:info:11 - Inicializando câmera física (ID: 0)...
2026-09-01 02:46:51.525 | INFO     | utils.logger:info:11 - Fonte de vídeo inicializada com sucesso.
2026-09-01 02:46:51.526 | WARNING  | utils.logger:warning:14 - [TrackRegistry] Falha ao carregar storage\track_registry.json: Expecting value: line 1 column 1 (char 0)
2026-09-01 02:46:53.069 | INFO     | utils.logger:info:11 - YOLOv8n inicializado com sucesso.
2026-09-01 02:46:53.070 | INFO     | utils.logger:info:11 - [MediaPipe] Modelo encontrado: pose_landmarker_lite.task (RunningMode.VIDEO, 1 pose/crop)
2026-09-01 02:46:53.090 | INFO     | utils.logger:info:11 - [FaceDetector] Haar Cascade (frontal) inicializado — modo leve.
2026-09-01 02:46:53.092 | INFO     | utils.logger:info:11 - [EvidenceManager] Buffer registrado para câmera 'cam_0'
2026-09-01 02:46:58.436 | DEBUG    | utils.logger:debug:20 - [IDManager] Novo ID atribuído: #1
2026-09-01 02:46:58.546 | DEBUG    | utils.logger:debug:20 - [MediaPipe] Detector criado para track #1
2026-09-01 02:46:59.992 | DEBUG    | utils.logger:debug:20 - [MediaPipe] Detector removido para track #1
2026-09-01 02:47:01.281 | INFO     | utils.logger:info:11 - Câmera encerrada.
2026-09-01 02:47:01.294 | INFO     | utils.logger:info:11 - === Cam-Security Finalizado ===
2026-09-06 19:19:41.653 | INFO     | utils.logger:info:11 - === Iniciando Cam-Security ===
2026-09-06 19:19:41.654 | INFO     | utils.logger:info:11 - Inicializando câmera física (ID: 0)...
2026-09-06 19:19:41.933 | INFO     | utils.logger:info:11 - Fonte de vídeo inicializada com sucesso.
2026-09-06 19:19:41.934 | INFO     | utils.logger:info:11 - [TrackRegistry] Carregado: 0 track(s) ativos, 0 expirado(s) descartados.
2026-09-06 19:19:44.279 | INFO     | utils.logger:info:11 - YOLOv8n inicializado com sucesso.
2026-09-06 19:19:44.280 | INFO     | utils.logger:info:11 - [MediaPipe] Modelo encontrado: pose_landmarker_lite.task (RunningMode.VIDEO, 1 pose/crop)
2026-09-06 19:19:44.303 | INFO     | utils.logger:info:11 - [FaceDetector] Haar Cascade (frontal) inicializado — modo leve.
2026-09-06 19:19:44.304 | INFO     | utils.logger:info:11 - [EvidenceManager] Buffer registrado para câmera 'cam_0'
2026-09-06 19:19:54.382 | INFO     | utils.logger:info:11 - [Perf/152frames] YOLO=66ms Track=0ms Pose=0ms Face=0ms Total=66ms FrameAge=21ms FPS_inf=15.2
2026-09-06 19:20:04.412 | INFO     | utils.logger:info:11 - [Perf/180frames] YOLO=55ms Track=0ms Pose=0ms Face=0ms Total=55ms FrameAge=19ms FPS_inf=18.0
2026-09-06 19:20:14.420 | INFO     | utils.logger:info:11 - [Perf/166frames] YOLO=60ms Track=0ms Pose=0ms Face=0ms Total=60ms FrameAge=18ms FPS_inf=16.6
2026-09-06 19:20:24.430 | INFO     | utils.logger:info:11 - [Perf/179frames] YOLO=56ms Track=0ms Pose=0ms Face=0ms Total=56ms FrameAge=22ms FPS_inf=17.9
2026-09-06 19:20:34.486 | INFO     | utils.logger:info:11 - [Perf/160frames] YOLO=63ms Track=0ms Pose=0ms Face=0ms Total=63ms FrameAge=22ms FPS_inf=16.0
2026-09-06 19:20:36.900 | INFO     | utils.logger:info:11 - Interrompido via KeyboardInterrupt.
2026-09-06 19:20:36.949 | INFO     | utils.logger:info:11 - Câmera encerrada.
2026-09-06 19:20:36.959 | INFO     | utils.logger:info:11 - === Cam-Security Finalizado ===
2026-09-06 19:21:24.148 | INFO     | utils.logger:info:11 - === Iniciando Cam-Security ===
2026-09-06 19:21:24.149 | INFO     | utils.logger:info:11 - Inicializando câmera física (ID: 0)...
2026-09-06 19:21:24.479 | INFO     | utils.logger:info:11 - Fonte de vídeo inicializada com sucesso.
2026-09-06 19:21:24.480 | INFO     | utils.logger:info:11 - [TrackRegistry] Carregado: 0 track(s) ativos, 0 expirado(s) descartados.
2026-09-06 19:21:26.310 | INFO     | utils.logger:info:11 - YOLOv8n inicializado com sucesso.
2026-09-06 19:21:26.310 | INFO     | utils.logger:info:11 - [MediaPipe] Modelo encontrado: pose_landmarker_lite.task (RunningMode.VIDEO, 1 pose/crop)
2026-09-06 19:21:26.329 | INFO     | utils.logger:info:11 - [FaceDetector] Haar Cascade (frontal) inicializado — modo leve.
2026-09-06 19:21:26.332 | INFO     | utils.logger:info:11 - [EvidenceManager] Buffer registrado para câmera 'cam_0'
2026-09-06 19:21:28.937 | INFO     | utils.logger:info:11 - Câmera encerrada.
2026-09-06 19:21:28.957 | INFO     | utils.logger:info:11 - === Cam-Security Finalizado ===
2026-09-06 19:22:04.628 | INFO     | utils.logger:info:11 - === Iniciando Cam-Security ===
2026-09-06 19:22:04.630 | INFO     | utils.logger:info:11 - Inicializando câmera física (ID: 0)...
2026-09-06 19:22:04.922 | INFO     | utils.logger:info:11 - Fonte de vídeo inicializada com sucesso.
2026-09-06 19:22:04.923 | INFO     | utils.logger:info:11 - [TrackRegistry] Carregado: 0 track(s) ativos, 0 expirado(s) descartados.
2026-09-06 19:22:06.746 | INFO     | utils.logger:info:11 - YOLOv8n inicializado com sucesso.
2026-09-06 19:22:06.746 | INFO     | utils.logger:info:11 - [MediaPipe] Modelo encontrado: pose_landmarker_lite.task (RunningMode.VIDEO, 1 pose/crop)
2026-09-06 19:22:06.766 | INFO     | utils.logger:info:11 - [FaceDetector] Haar Cascade (frontal) inicializado — modo leve.
2026-09-06 19:22:06.768 | INFO     | utils.logger:info:11 - [EvidenceManager] Buffer registrado para câmera 'cam_0'
2026-09-06 19:22:11.856 | INFO     | utils.logger:info:11 - Câmera encerrada.
2026-09-06 19:22:11.873 | INFO     | utils.logger:info:11 - === Cam-Security Finalizado ===
2026-09-06 19:23:31.747 | INFO     | utils.logger:info:11 - === Iniciando Cam-Security ===
2026-09-06 19:23:31.749 | INFO     | utils.logger:info:11 - Inicializando câmera física (ID: 0)...
2026-09-06 19:23:31.974 | INFO     | utils.logger:info:11 - Fonte de vídeo inicializada com sucesso.
2026-09-06 19:23:31.974 | INFO     | utils.logger:info:11 - [TrackRegistry] Carregado: 0 track(s) ativos, 0 expirado(s) descartados.
2026-09-06 19:23:33.850 | INFO     | utils.logger:info:11 - YOLOv8n inicializado com sucesso.
2026-09-06 19:23:33.850 | INFO     | utils.logger:info:11 - [MediaPipe] Modelo encontrado: pose_landmarker_lite.task (RunningMode.VIDEO, 1 pose/crop)
2026-09-06 19:23:33.869 | INFO     | utils.logger:info:11 - [FaceDetector] Haar Cascade (frontal) inicializado — modo leve.
2026-09-06 19:23:33.871 | INFO     | utils.logger:info:11 - [EvidenceManager] Buffer registrado para câmera 'cam_0'
2026-09-06 19:23:43.931 | INFO     | utils.logger:info:11 - [Perf/155frames] YOLO=65ms Track=0ms Pose=0ms Face=0ms Total=65ms FrameAge=25ms FPS_inf=15.5
2026-09-06 19:23:50.255 | INFO     | utils.logger:info:11 - Encerrando a pedido do usuário (ESC).
2026-09-06 19:23:50.302 | INFO     | utils.logger:info:11 - Câmera encerrada.
2026-09-06 19:23:50.317 | INFO     | utils.logger:info:11 - === Cam-Security Finalizado ===
2026-09-06 21:32:33.108 | INFO     | utils.logger:info:11 - === Iniciando Cam-Security ===
2026-09-06 21:32:33.109 | INFO     | utils.logger:info:11 - Inicializando câmera física (ID: 0)...
2026-09-06 21:32:33.372 | INFO     | utils.logger:info:11 - Fonte de vídeo inicializada com sucesso.
2026-09-06 21:32:33.373 | INFO     | utils.logger:info:11 - [TrackRegistry] Carregado: 0 track(s) ativos, 0 expirado(s) descartados.
2026-09-06 21:32:35.122 | INFO     | utils.logger:info:11 - YOLOv8n inicializado com sucesso.
2026-09-06 21:32:35.123 | INFO     | utils.logger:info:11 - [MediaPipe] Modelo encontrado: pose_landmarker_lite.task (RunningMode.VIDEO, 1 pose/crop)
2026-09-06 21:32:35.143 | INFO     | utils.logger:info:11 - [FaceDetector] Haar Cascade (frontal) inicializado — modo leve.
2026-09-06 21:32:35.145 | INFO     | utils.logger:info:11 - [EvidenceManager] Buffer registrado para câmera 'cam_0'
2026-09-06 21:32:39.152 | INFO     | utils.logger:info:11 - Câmera encerrada.
2026-09-06 21:32:39.169 | INFO     | utils.logger:info:11 - === Cam-Security Finalizado ===
2026-09-06 21:35:25.135 | INFO     | utils.logger:info:11 - === Iniciando Cam-Security ===
2026-09-06 21:35:25.136 | INFO     | utils.logger:info:11 - Inicializando vídeo (./config/daniel.mp4)...
2026-09-06 21:35:25.200 | INFO     | utils.logger:info:11 - Playback do vídeo em 29.97 FPS.
2026-09-06 21:35:25.201 | INFO     | utils.logger:info:11 - Fonte de vídeo inicializada com sucesso.
2026-09-06 21:35:25.202 | INFO     | utils.logger:info:11 - [TrackRegistry] Carregado: 0 track(s) ativos, 0 expirado(s) descartados.
2026-09-06 21:35:27.070 | INFO     | utils.logger:info:11 - YOLOv8n inicializado com sucesso.
2026-09-06 21:35:27.071 | INFO     | utils.logger:info:11 - [MediaPipe] Modelo encontrado: pose_landmarker_lite.task (RunningMode.VIDEO, 1 pose/crop)
2026-09-06 21:35:27.090 | INFO     | utils.logger:info:11 - [FaceDetector] Haar Cascade (frontal) inicializado — modo leve.
2026-09-06 21:35:27.092 | INFO     | utils.logger:info:11 - [EvidenceManager] Buffer registrado para câmera 'cam_0'
2026-09-06 21:35:37.154 | INFO     | utils.logger:info:11 - [Perf/168frames] YOLO=60ms Track=0ms Pose=0ms Face=0ms Total=60ms FrameAge=17ms FPS_inf=16.8
2026-09-06 21:35:42.397 | DEBUG    | utils.logger:debug:20 - [IDManager] Novo ID atribuído: #1
2026-09-06 21:35:42.767 | DEBUG    | utils.logger:debug:20 - [MediaPipe] Detector criado para track #1
2026-09-06 21:35:42.840 | DEBUG    | utils.logger:debug:20 - [MediaPipe|diag] ts=32450417ms landmarks=33 lm0=(0.472,0.415) lm11=(0.641,0.520) lm12=(0.375,0.489) lm23=(0.568,0.709)
2026-09-06 21:35:43.960 | DEBUG    | utils.logger:debug:20 - [FaceCapture] track=1 brilho=75 nitidez=1659
2026-09-06 21:35:43.960 | DEBUG    | utils.logger:debug:20 - [FaceSnapshot] Buffer criado para track #1
2026-09-06 21:35:43.961 | DEBUG    | utils.logger:debug:20 - [FaceEmbedding] Track #1 embedding capturado (1/8)
2026-09-06 21:35:43.968 | DEBUG    | utils.logger:debug:20 - [FaceSnapshot] Track #1 → face_0001_1788741343.jpg
2026-09-06 21:35:43.968 | DEBUG    | utils.logger:debug:20 - [FaceStorage] Face temporária criada: b5faab30 (track #1)
2026-09-06 21:35:44.046 | DEBUG    | utils.logger:debug:20 - [FaceEmbedding] Track #1 embedding ignorado — intervalo não atingido (0.1s < 3.0s)
2026-09-06 21:35:44.126 | DEBUG    | utils.logger:debug:20 - [FaceEmbedding] Track #1 embedding ignorado — intervalo não atingido (0.2s < 3.0s)
2026-09-06 21:35:44.196 | DEBUG    | utils.logger:debug:20 - [FaceEmbedding] Track #1 embedding ignorado — intervalo não atingido (0.3s < 3.0s)
2026-09-06 21:35:44.267 | DEBUG    | utils.logger:debug:20 - [FaceEmbedding] Track #1 embedding ignorado — intervalo não atingido (0.3s < 3.0s)
2026-09-06 21:35:44.338 | DEBUG    | utils.logger:debug:20 - [FaceEmbedding] Track #1 embedding ignorado — intervalo não atingido (0.4s < 3.0s)
2026-09-06 21:35:44.409 | DEBUG    | utils.logger:debug:20 - [FaceEmbedding] Track #1 embedding ignorado — intervalo não atingido (0.5s < 3.0s)
2026-09-06 21:35:45.065 | DEBUG    | utils.logger:debug:20 - [FaceCapture] track=1 brilho=86 nitidez=1737
2026-09-06 21:35:45.065 | DEBUG    | utils.logger:debug:20 - [FaceEmbedding] Track #1 embedding ignorado — intervalo não atingido (1.1s < 3.0s)
2026-09-06 21:35:45.138 | DEBUG    | utils.logger:debug:20 - [FaceEmbedding] Track #1 embedding ignorado — intervalo não atingido (1.2s < 3.0s)
2026-09-06 21:35:45.212 | DEBUG    | utils.logger:debug:20 - [FaceEmbedding] Track #1 embedding ignorado — intervalo não atingido (1.3s < 3.0s)
2026-09-06 21:35:45.300 | DEBUG    | utils.logger:debug:20 - [FaceEmbedding] Track #1 embedding ignorado — intervalo não atingido (1.4s < 3.0s)
2026-09-06 21:35:45.387 | DEBUG    | utils.logger:debug:20 - [FaceEmbedding] Track #1 embedding ignorado — intervalo não atingido (1.4s < 3.0s)
2026-09-06 21:35:45.459 | DEBUG    | utils.logger:debug:20 - [FaceEmbedding] Track #1 embedding ignorado — intervalo não atingido (1.5s < 3.0s)
2026-09-06 21:35:45.562 | DEBUG    | utils.logger:debug:20 - [FaceCapture] track=1 brilho=103 nitidez=1468
2026-09-06 21:35:45.562 | DEBUG    | utils.logger:debug:20 - [FaceEmbedding] Track #1 embedding ignorado — intervalo não atingido (1.6s < 3.0s)
2026-09-06 21:35:45.635 | DEBUG    | utils.logger:debug:20 - [FaceEmbedding] Track #1 embedding ignorado — intervalo não atingido (1.7s < 3.0s)
2026-09-06 21:35:45.711 | DEBUG    | utils.logger:debug:20 - [FaceEmbedding] Track #1 embedding ignorado — intervalo não atingido (1.8s < 3.0s)
2026-09-06 21:35:45.782 | DEBUG    | utils.logger:debug:20 - [FaceEmbedding] Track #1 embedding ignorado — intervalo não atingido (1.9s < 3.0s)
2026-09-06 21:35:45.847 | DEBUG    | utils.logger:debug:20 - [FaceEmbedding] Track #1 embedding ignorado — intervalo não atingido (1.9s < 3.0s)
2026-09-06 21:35:45.912 | DEBUG    | utils.logger:debug:20 - [FaceEmbedding] Track #1 embedding ignorado — intervalo não atingido (2.0s < 3.0s)
2026-09-06 21:35:45.975 | DEBUG    | utils.logger:debug:20 - [FaceEmbedding] Track #1 embedding ignorado — intervalo não atingido (2.1s < 3.0s)
2026-09-06 21:35:45.976 | DEBUG    | utils.logger:debug:20 - [FaceSnapshot] Track #1 → face_0002_1788741345.jpg
2026-09-06 21:35:46.078 | DEBUG    | utils.logger:debug:20 - [FaceCapture] track=1 brilho=127 nitidez=279
2026-09-06 21:35:46.079 | DEBUG    | utils.logger:debug:20 - [FaceEmbedding] Track #1 embedding ignorado — intervalo não atingido (2.1s < 3.0s)
2026-09-06 21:35:46.144 | DEBUG    | utils.logger:debug:20 - [FaceEmbedding] Track #1 embedding ignorado — intervalo não atingido (2.2s < 3.0s)
2026-09-06 21:35:46.208 | DEBUG    | utils.logger:debug:20 - [FaceEmbedding] Track #1 embedding ignorado — intervalo não atingido (2.3s < 3.0s)
2026-09-06 21:35:46.271 | DEBUG    | utils.logger:debug:20 - [FaceEmbedding] Track #1 embedding ignorado — intervalo não atingido (2.3s < 3.0s)
2026-09-06 21:35:46.334 | DEBUG    | utils.logger:debug:20 - [FaceEmbedding] Track #1 embedding ignorado — intervalo não atingido (2.4s < 3.0s)
2026-09-06 21:35:46.399 | DEBUG    | utils.logger:debug:20 - [FaceEmbedding] Track #1 embedding ignorado — intervalo não atingido (2.5s < 3.0s)
2026-09-06 21:35:46.461 | DEBUG    | utils.logger:debug:20 - [FaceEmbedding] Track #1 embedding ignorado — intervalo não atingido (2.5s < 3.0s)
2026-09-06 21:35:46.524 | DEBUG    | utils.logger:debug:20 - [FaceEmbedding] Track #1 embedding ignorado — intervalo não atingido (2.6s < 3.0s)
2026-09-06 21:35:46.741 | DEBUG    | utils.logger:debug:20 - [IDManager] Novo ID atribuído: #2
2026-09-06 21:35:46.922 | DEBUG    | utils.logger:debug:20 - [IDManager] Novo ID atribuído: #3
2026-09-06 21:35:47.161 | DEBUG    | utils.logger:debug:20 - [FaceCapture] track=1 brilho=98 nitidez=811
2026-09-06 21:35:47.163 | DEBUG    | utils.logger:debug:20 - [FaceEmbedding] Track #1 embedding capturado (2/8)
2026-09-06 21:35:47.313 | DEBUG    | utils.logger:debug:20 - [MediaPipe] Detector criado para track #3
2026-09-06 21:35:47.362 | DEBUG    | utils.logger:debug:20 - [MediaPipe|diag] ts=32455748ms landmarks=33 lm0=(0.081,0.276) lm11=(0.564,0.395) lm12=(-0.157,0.376) lm23=(0.401,0.682)
2026-09-06 21:35:47.426 | DEBUG    | utils.logger:debug:20 - [FaceEmbedding] Track #1 embedding ignorado — intervalo não atingido (0.3s < 3.0s)
2026-09-06 21:35:47.472 | DEBUG    | utils.logger:debug:20 - [FaceCapture] track=3 brilho=66 nitidez=125
2026-09-06 21:35:47.473 | DEBUG    | utils.logger:debug:20 - [FaceSnapshot] Buffer criado para track #3
2026-09-06 21:35:47.473 | DEBUG    | utils.logger:debug:20 - [FaceEmbedding] Track #3 embedding capturado (1/8)
2026-09-06 21:35:47.474 | DEBUG    | utils.logger:debug:20 - [FaceSnapshot] Track #3 → face_0001_1788741347.jpg
2026-09-06 21:35:47.474 | DEBUG    | utils.logger:debug:20 - [FaceStorage] Face temporária criada: b424a97e (track #3)
2026-09-06 21:35:47.475 | INFO     | utils.logger:info:11 - [Perf/151frames] YOLO=49ms Track=4ms Pose=12ms Face=2ms Total=68ms FrameAge=17ms FPS_inf=15.1
2026-09-06 21:35:47.538 | DEBUG    | utils.logger:debug:20 - [FaceEmbedding] Track #1 embedding ignorado — intervalo não atingido (0.4s < 3.0s)
2026-09-06 21:35:47.558 | DEBUG    | utils.logger:debug:20 - [FaceEmbedding] Track #3 embedding ignorado — intervalo não atingido (0.1s < 3.0s)
2026-09-06 21:35:47.706 | DEBUG    | utils.logger:debug:20 - [FaceCapture] track=1 brilho=95 nitidez=1466
2026-09-06 21:35:47.706 | DEBUG    | utils.logger:debug:20 - [FaceEmbedding] Track #1 embedding ignorado — intervalo não atingido (0.5s < 3.0s)
2026-09-06 21:35:47.724 | DEBUG    | utils.logger:debug:20 - [FaceEmbedding] Track #3 embedding ignorado — intervalo não atingido (0.2s < 3.0s)
2026-09-06 21:35:47.793 | DEBUG    | utils.logger:debug:20 - [FaceEmbedding] Track #1 embedding ignorado — intervalo não atingido (0.7s < 3.0s)
2026-09-06 21:35:47.810 | DEBUG    | utils.logger:debug:20 - [FaceEmbedding] Track #3 embedding ignorado — intervalo não atingido (0.4s < 3.0s)
2026-09-06 21:35:47.879 | DEBUG    | utils.logger:debug:20 - [FaceEmbedding] Track #1 embedding ignorado — intervalo não atingido (0.7s < 3.0s)
2026-09-06 21:35:47.899 | DEBUG    | utils.logger:debug:20 - [FaceEmbedding] Track #3 embedding ignorado — intervalo não atingido (0.4s < 3.0s)
2026-09-06 21:35:47.959 | DEBUG    | utils.logger:debug:20 - [IDManager] Novo ID atribuído: #4
2026-09-06 21:35:47.976 | DEBUG    | utils.logger:debug:20 - [FaceEmbedding] Track #1 embedding ignorado — intervalo não atingido (0.8s < 3.0s)
2026-09-06 21:35:48.036 | DEBUG    | utils.logger:debug:20 - [FaceCapture] track=3 brilho=69 nitidez=226
2026-09-06 21:35:48.037 | DEBUG    | utils.logger:debug:20 - [FaceEmbedding] Track #3 embedding ignorado — intervalo não atingido (0.5s < 3.0s)
2026-09-06 21:35:48.187 | DEBUG    | utils.logger:debug:20 - [MediaPipe] Detector criado para track #4
2026-09-06 21:35:48.239 | DEBUG    | utils.logger:debug:20 - [MediaPipe|diag] ts=32456590ms landmarks=33 lm0=(0.454,0.343) lm11=(0.670,0.379) lm12=(0.488,0.402) lm23=(0.660,0.604)
2026-09-06 21:35:48.420 | DEBUG    | utils.logger:debug:20 - [FaceCapture] track=1 brilho=106 nitidez=738
2026-09-06 21:35:48.420 | DEBUG    | utils.logger:debug:20 - [FaceEmbedding] Track #1 embedding ignorado — intervalo não atingido (1.2s < 3.0s)
2026-09-06 21:35:48.421 | DEBUG    | utils.logger:debug:20 - [FaceSnapshot] Track #1 → face_0003_1788741348.jpg
2026-09-06 21:35:48.551 | DEBUG    | utils.logger:debug:20 - [MediaPipe] Detector criado para track #2
2026-09-06 21:35:48.606 | DEBUG    | utils.logger:debug:20 - [MediaPipe|diag] ts=32456964ms landmarks=33 lm0=(0.916,0.294) lm11=(1.262,0.390) lm12=(0.567,0.381) lm23=(1.056,0.600)
2026-09-06 21:35:48.669 | DEBUG    | utils.logger:debug:20 - [FaceCapture] track=3 brilho=65 nitidez=174
2026-09-06 21:35:48.670 | DEBUG    | utils.logger:debug:20 - [FaceEmbedding] Track #3 embedding ignorado — intervalo não atingido (0.9s < 3.0s)
2026-09-06 21:35:48.779 | DEBUG    | utils.logger:debug:20 - [FaceEmbedding] Track #1 embedding ignorado — intervalo não atingido (1.6s < 3.0s)
2026-09-06 21:35:48.822 | DEBUG    | utils.logger:debug:20 - [FaceEmbedding] Track #3 embedding ignorado — intervalo não atingido (1.3s < 3.0s)
2026-09-06 21:35:49.000 | DEBUG    | utils.logger:debug:20 - [FaceCapture] track=1 brilho=106 nitidez=910
2026-09-06 21:35:49.000 | DEBUG    | utils.logger:debug:20 - [FaceEmbedding] Track #1 embedding ignorado — intervalo não atingido (1.8s < 3.0s)
2026-09-06 21:35:49.040 | DEBUG    | utils.logger:debug:20 - [FaceEmbedding] Track #3 embedding ignorado — intervalo não atingido (1.5s < 3.0s)
2026-09-06 21:35:49.121 | DEBUG    | utils.logger:debug:20 - [MediaPipe] Detector removido para track #3
2026-09-06 21:35:49.135 | DEBUG    | utils.logger:debug:20 - [MediaPipe] Detector removido para track #4
2026-09-06 21:35:49.157 | DEBUG    | utils.logger:debug:20 - [FaceEmbedding] Track #1 embedding ignorado — intervalo não atingido (2.0s < 3.0s)
2026-09-06 21:35:49.213 | DEBUG    | utils.logger:debug:20 - [FaceCapture] track=2 brilho=71 nitidez=325
2026-09-06 21:35:49.214 | DEBUG    | utils.logger:debug:20 - [FaceSnapshot] Buffer criado para track #2
2026-09-06 21:35:49.214 | DEBUG    | utils.logger:debug:20 - [FaceEmbedding] Track #2 embedding capturado (1/8)
2026-09-06 21:35:49.215 | DEBUG    | utils.logger:debug:20 - [FaceSnapshot] Track #2 → face_0001_1788741349.jpg
2026-09-06 21:35:49.215 | DEBUG    | utils.logger:debug:20 - [FaceStorage] Face temporária criada: 2ae6b0bf (track #2)
2026-09-06 21:35:49.286 | DEBUG    | utils.logger:debug:20 - [FaceEmbedding] Track #1 embedding ignorado — intervalo não atingido (2.2s < 3.0s)
2026-09-06 21:35:49.307 | DEBUG    | utils.logger:debug:20 - [FaceEmbedding] Track #2 embedding ignorado — intervalo não atingido (0.2s < 3.0s)
2026-09-06 21:35:49.378 | DEBUG    | utils.logger:debug:20 - [FaceEmbedding] Track #1 embedding ignorado — intervalo não atingido (2.2s < 3.0s)
2026-09-06 21:35:49.399 | DEBUG    | utils.logger:debug:20 - [FaceEmbedding] Track #2 embedding ignorado — intervalo não atingido (0.2s < 3.0s)
2026-09-06 21:35:49.562 | DEBUG    | utils.logger:debug:20 - [FaceEmbedding] Track #2 embedding ignorado — intervalo não atingido (0.3s < 3.0s)
2026-09-06 21:35:49.697 | DEBUG    | utils.logger:debug:20 - [MediaPipe] Detector criado para track #3
2026-09-06 21:35:49.751 | DEBUG    | utils.logger:debug:20 - [MediaPipe|diag] ts=32458096ms landmarks=33 lm0=(0.526,0.332) lm11=(0.699,0.416) lm12=(0.285,0.407) lm23=(0.638,0.583)
2026-09-06 21:35:49.780 | DEBUG    | utils.logger:debug:20 - [FaceCapture] track=3 brilho=61 nitidez=195
2026-09-06 21:35:49.781 | DEBUG    | utils.logger:debug:20 - [FaceSnapshot] Buffer criado para track #3
2026-09-06 21:35:49.781 | DEBUG    | utils.logger:debug:20 - [FaceEmbedding] Track #3 embedding capturado (1/8)
2026-09-06 21:35:49.782 | DEBUG    | utils.logger:debug:20 - [FaceSnapshot] Track #3 → face_0001_1788741349.jpg
2026-09-06 21:35:49.916 | DEBUG    | utils.logger:debug:20 - [FaceCapture] track=2 brilho=93 nitidez=240
2026-09-06 21:35:49.917 | DEBUG    | utils.logger:debug:20 - [FaceEmbedding] Track #2 embedding ignorado — intervalo não atingido (0.7s < 3.0s)
2026-09-06 21:35:49.936 | DEBUG    | utils.logger:debug:20 - [FaceEmbedding] Track #3 embedding ignorado — intervalo não atingido (0.4s < 3.0s)
2026-09-06 21:35:50.088 | DEBUG    | utils.logger:debug:20 - [FaceCapture] track=1 brilho=137 nitidez=325
2026-09-06 21:35:50.088 | DEBUG    | utils.logger:debug:20 - [FaceEmbedding] Track #1 embedding ignorado — intervalo não atingido (2.9s < 3.0s)
2026-09-06 21:35:50.107 | DEBUG    | utils.logger:debug:20 - [FaceEmbedding] Track #2 embedding ignorado — intervalo não atingido (0.9s < 3.0s)
2026-09-06 21:35:50.126 | DEBUG    | utils.logger:debug:20 - [FaceEmbedding] Track #3 embedding ignorado — intervalo não atingido (0.5s < 3.0s)
2026-09-06 21:35:50.194 | DEBUG    | utils.logger:debug:20 - [FaceEmbedding] Track #1 embedding capturado (3/8)
2026-09-06 21:35:50.211 | DEBUG    | utils.logger:debug:20 - [FaceEmbedding] Track #2 embedding ignorado — intervalo não atingido (1.1s < 3.0s)
2026-09-06 21:35:50.232 | DEBUG    | utils.logger:debug:20 - [FaceEmbedding] Track #3 embedding ignorado — intervalo não atingido (0.7s < 3.0s)
2026-09-06 21:35:50.319 | INFO     | utils.logger:info:11 - [AUDITORIA] Evento 'COLISAO' registrado para Track #1 (Risco: 75)
2026-09-06 21:35:50.325 | INFO     | utils.logger:info:11 - [NOTIFICAÇÃO] Alerta despachado: Track #1
2026-09-06 21:35:50.329 | INFO     | utils.logger:info:11 - [VideoBuffer:cam_0] Gatilho! event=d4012b1e-493 pre_frames=42 coletando +15.0s...
2026-09-06 21:35:50.357 | INFO     | utils.logger:info:11 - [FaceStorage] Track #1 promovido → storage\face_tracks\events\d4012b1e-493\track_1 (3 embeddings, 3 foto(s))
2026-09-06 21:35:50.358 | INFO     | utils.logger:info:11 - [ALERTA] COLISAO | track=#1 risk=75 face=b5faab30 person=None event_id=d4012b1e-493
2026-09-06 21:35:50.919 | DEBUG    | utils.logger:debug:20 - [FaceCapture] track=2 brilho=138 nitidez=388
2026-09-06 21:35:50.920 | DEBUG    | utils.logger:debug:20 - [FaceEmbedding] Track #2 embedding ignorado — intervalo não atingido (1.2s < 3.0s)
2026-09-06 21:35:50.957 | DEBUG    | utils.logger:debug:20 - [FaceCapture] track=3 brilho=61 nitidez=163
2026-09-06 21:35:50.959 | DEBUG    | utils.logger:debug:20 - [FaceEmbedding] Track #3 embedding ignorado — intervalo não atingido (0.8s < 3.0s)
2026-09-06 21:35:51.044 | DEBUG    | utils.logger:debug:20 - [FaceEmbedding] Track #2 embedding ignorado — intervalo não atingido (1.9s < 3.0s)
2026-09-06 21:35:51.063 | DEBUG    | utils.logger:debug:20 - [FaceEmbedding] Track #3 embedding ignorado — intervalo não atingido (1.6s < 3.0s)
2026-09-06 21:35:51.154 | DEBUG    | utils.logger:debug:20 - [FaceEmbedding] Track #2 embedding ignorado — intervalo não atingido (2.0s < 3.0s)
2026-09-06 21:35:51.155 | DEBUG    | utils.logger:debug:20 - [FaceSnapshot] Track #2 → face_0002_1788741351.jpg
2026-09-06 21:35:51.173 | DEBUG    | utils.logger:debug:20 - [FaceEmbedding] Track #3 embedding ignorado — intervalo não atingido (1.7s < 3.0s)
2026-09-06 21:35:51.260 | DEBUG    | utils.logger:debug:20 - [FaceEmbedding] Track #2 embedding ignorado — intervalo não atingido (2.1s < 3.0s)
2026-09-06 21:35:51.278 | DEBUG    | utils.logger:debug:20 - [FaceEmbedding] Track #3 embedding ignorado — intervalo não atingido (1.8s < 3.0s)
2026-09-06 21:35:51.523 | DEBUG    | utils.logger:debug:20 - [FaceCapture] track=2 brilho=73 nitidez=574
2026-09-06 21:35:51.523 | DEBUG    | utils.logger:debug:20 - [FaceEmbedding] Track #2 embedding ignorado — intervalo não atingido (2.2s < 3.0s)
2026-09-06 21:35:51.658 | DEBUG    | utils.logger:debug:20 - [FaceEmbedding] Track #2 embedding ignorado — intervalo não atingido (2.5s < 3.0s)
2026-09-06 21:35:51.771 | DEBUG    | utils.logger:debug:20 - [FaceEmbedding] Track #2 embedding ignorado — intervalo não atingido (2.6s < 3.0s)
2026-09-06 21:35:51.875 | DEBUG    | utils.logger:debug:20 - [FaceEmbedding] Track #2 embedding ignorado — intervalo não atingido (2.7s < 3.0s)
2026-09-06 21:35:52.071 | DEBUG    | utils.logger:debug:20 - [FaceCapture] track=2 brilho=84 nitidez=668
2026-09-06 21:35:52.072 | DEBUG    | utils.logger:debug:20 - [FaceEmbedding] Track #2 embedding ignorado — intervalo não atingido (2.8s < 3.0s)
2026-09-06 21:35:52.133 | DEBUG    | utils.logger:debug:20 - [FaceCapture] track=3 brilho=70 nitidez=364
2026-09-06 21:35:52.133 | DEBUG    | utils.logger:debug:20 - [FaceEmbedding] Track #3 embedding ignorado — intervalo não atingido (2.5s < 3.0s)
2026-09-06 21:35:52.134 | DEBUG    | utils.logger:debug:20 - [FaceSnapshot] Track #3 → face_0002_1788741351.jpg
2026-09-06 21:35:52.219 | DEBUG    | utils.logger:debug:20 - [FaceEmbedding] Track #2 embedding capturado (2/8)
2026-09-06 21:35:52.239 | DEBUG    | utils.logger:debug:20 - [FaceEmbedding] Track #3 embedding ignorado — intervalo não atingido (2.7s < 3.0s)
2026-09-06 21:35:52.327 | DEBUG    | utils.logger:debug:20 - [FaceEmbedding] Track #2 embedding ignorado — intervalo não atingido (0.1s < 3.0s)
2026-09-06 21:35:52.346 | DEBUG    | utils.logger:debug:20 - [FaceEmbedding] Track #3 embedding ignorado — intervalo não atingido (2.8s < 3.0s)
2026-09-06 21:35:52.438 | DEBUG    | utils.logger:debug:20 - [FaceEmbedding] Track #2 embedding ignorado — intervalo não atingido (0.2s < 3.0s)
2026-09-06 21:35:52.459 | DEBUG    | utils.logger:debug:20 - [FaceEmbedding] Track #3 embedding ignorado — intervalo não atingido (2.9s < 3.0s)
2026-09-06 21:35:52.643 | DEBUG    | utils.logger:debug:20 - [FaceCapture] track=2 brilho=76 nitidez=643
2026-09-06 21:35:52.643 | DEBUG    | utils.logger:debug:20 - [FaceEmbedding] Track #2 embedding ignorado — intervalo não atingido (0.3s < 3.0s)
2026-09-06 21:35:52.697 | DEBUG    | utils.logger:debug:20 - [FaceCapture] track=3 brilho=66 nitidez=200
2026-09-06 21:35:52.698 | DEBUG    | utils.logger:debug:20 - [FaceEmbedding] Track #3 embedding capturado (2/8)
2026-09-06 21:35:52.787 | DEBUG    | utils.logger:debug:20 - [FaceEmbedding] Track #2 embedding ignorado — intervalo não atingido (0.6s < 3.0s)
2026-09-06 21:35:52.807 | DEBUG    | utils.logger:debug:20 - [FaceEmbedding] Track #3 embedding ignorado — intervalo não atingido (0.2s < 3.0s)
2026-09-06 21:35:52.875 | DEBUG    | utils.logger:debug:20 - [MediaPipe|diag] ts=32461511ms landmarks=33 lm0=(0.631,0.231) lm11=(0.772,0.311) lm12=(0.428,0.294) lm23=(0.639,0.530)
2026-09-06 21:35:52.896 | DEBUG    | utils.logger:debug:20 - [FaceEmbedding] Track #2 embedding ignorado — intervalo não atingido (0.7s < 3.0s)
2026-09-06 21:35:52.915 | DEBUG    | utils.logger:debug:20 - [FaceEmbedding] Track #3 embedding ignorado — intervalo não atingido (0.3s < 3.0s)
2026-09-06 21:35:53.001 | DEBUG    | utils.logger:debug:20 - [FaceEmbedding] Track #2 embedding ignorado — intervalo não atingido (0.8s < 3.0s)
2026-09-06 21:35:53.020 | DEBUG    | utils.logger:debug:20 - [FaceEmbedding] Track #3 embedding ignorado — intervalo não atingido (0.5s < 3.0s)
2026-09-06 21:35:53.193 | DEBUG    | utils.logger:debug:20 - [FaceCapture] track=2 brilho=74 nitidez=378
2026-09-06 21:35:53.194 | DEBUG    | utils.logger:debug:20 - [FaceEmbedding] Track #2 embedding ignorado — intervalo não atingido (0.9s < 3.0s)
2026-09-06 21:35:53.259 | DEBUG    | utils.logger:debug:20 - [FaceCapture] track=3 brilho=64 nitidez=216
2026-09-06 21:35:53.259 | DEBUG    | utils.logger:debug:20 - [FaceEmbedding] Track #3 embedding ignorado — intervalo não atingido (0.6s < 3.0s)
2026-09-06 21:35:53.349 | DEBUG    | utils.logger:debug:20 - [FaceEmbedding] Track #2 embedding ignorado — intervalo não atingido (1.1s < 3.0s)
2026-09-06 21:35:53.351 | DEBUG    | utils.logger:debug:20 - [FaceSnapshot] Track #2 → face_0003_1788741353.jpg
2026-09-06 21:35:53.371 | DEBUG    | utils.logger:debug:20 - [FaceEmbedding] Track #3 embedding ignorado — intervalo não atingido (0.8s < 3.0s)
2026-09-06 21:35:53.461 | DEBUG    | utils.logger:debug:20 - [FaceEmbedding] Track #2 embedding ignorado — intervalo não atingido (1.2s < 3.0s)
2026-09-06 21:35:53.481 | DEBUG    | utils.logger:debug:20 - [FaceEmbedding] Track #3 embedding ignorado — intervalo não atingido (0.9s < 3.0s)
2026-09-06 21:35:53.565 | DEBUG    | utils.logger:debug:20 - [FaceEmbedding] Track #2 embedding ignorado — intervalo não atingido (1.3s < 3.0s)
2026-09-06 21:35:53.585 | DEBUG    | utils.logger:debug:20 - [FaceEmbedding] Track #3 embedding ignorado — intervalo não atingido (1.0s < 3.0s)
2026-09-06 21:35:53.694 | DEBUG    | utils.logger:debug:20 - [FaceCapture] track=1 brilho=107 nitidez=805
2026-09-06 21:35:53.694 | DEBUG    | utils.logger:debug:20 - [FaceEmbedding] Track #1 embedding capturado (4/8)
2026-09-06 21:35:53.695 | DEBUG    | utils.logger:debug:20 - [FaceSnapshot] Track #1 → face_0004_1788741353.jpg
2026-09-06 21:35:53.748 | DEBUG    | utils.logger:debug:20 - [FaceCapture] track=2 brilho=76 nitidez=616
2026-09-06 21:35:53.749 | DEBUG    | utils.logger:debug:20 - [FaceEmbedding] Track #2 embedding ignorado — intervalo não atingido (1.5s < 3.0s)
2026-09-06 21:35:53.870 | DEBUG    | utils.logger:debug:20 - [FaceEmbedding] Track #1 embedding ignorado — intervalo não atingido (0.2s < 3.0s)
2026-09-06 21:35:53.888 | DEBUG    | utils.logger:debug:20 - [FaceEmbedding] Track #2 embedding ignorado — intervalo não atingido (1.7s < 3.0s)
2026-09-06 21:35:53.972 | DEBUG    | utils.logger:debug:20 - [FaceEmbedding] Track #1 embedding ignorado — intervalo não atingido (0.3s < 3.0s)
2026-09-06 21:35:53.990 | DEBUG    | utils.logger:debug:20 - [FaceEmbedding] Track #2 embedding ignorado — intervalo não atingido (1.8s < 3.0s)
2026-09-06 21:35:54.074 | DEBUG    | utils.logger:debug:20 - [FaceEmbedding] Track #1 embedding ignorado — intervalo não atingido (0.4s < 3.0s)
2026-09-06 21:35:54.092 | DEBUG    | utils.logger:debug:20 - [FaceEmbedding] Track #2 embedding ignorado — intervalo não atingido (1.9s < 3.0s)
2026-09-06 21:35:54.270 | DEBUG    | utils.logger:debug:20 - [FaceCapture] track=2 brilho=76 nitidez=525
2026-09-06 21:35:54.270 | DEBUG    | utils.logger:debug:20 - [FaceEmbedding] Track #2 embedding ignorado — intervalo não atingido (2.0s < 3.0s)
2026-09-06 21:35:54.323 | DEBUG    | utils.logger:debug:20 - [FaceCapture] track=3 brilho=67 nitidez=224
2026-09-06 21:35:54.324 | DEBUG    | utils.logger:debug:20 - [FaceEmbedding] Track #3 embedding ignorado — intervalo não atingido (1.6s < 3.0s)
2026-09-06 21:35:54.325 | DEBUG    | utils.logger:debug:20 - [FaceSnapshot] Track #3 → face_0003_1788741354.jpg
2026-09-06 21:35:54.408 | DEBUG    | utils.logger:debug:20 - [FaceEmbedding] Track #2 embedding ignorado — intervalo não atingido (2.2s < 3.0s)
2026-09-06 21:35:54.427 | DEBUG    | utils.logger:debug:20 - [FaceEmbedding] Track #3 embedding ignorado — intervalo não atingido (1.9s < 3.0s)
2026-09-06 21:35:54.514 | DEBUG    | utils.logger:debug:20 - [FaceEmbedding] Track #2 embedding ignorado — intervalo não atingido (2.3s < 3.0s)
2026-09-06 21:35:54.532 | DEBUG    | utils.logger:debug:20 - [FaceEmbedding] Track #3 embedding ignorado — intervalo não atingido (2.0s < 3.0s)
2026-09-06 21:35:54.625 | DEBUG    | utils.logger:debug:20 - [FaceEmbedding] Track #2 embedding ignorado — intervalo não atingido (2.4s < 3.0s)
2026-09-06 21:35:54.643 | DEBUG    | utils.logger:debug:20 - [FaceEmbedding] Track #3 embedding ignorado — intervalo não atingido (2.1s < 3.0s)
2026-09-06 21:35:54.812 | DEBUG    | utils.logger:debug:20 - [FaceCapture] track=2 brilho=132 nitidez=489
2026-09-06 21:35:54.813 | DEBUG    | utils.logger:debug:20 - [FaceEmbedding] Track #2 embedding ignorado — intervalo não atingido (2.5s < 3.0s)
2026-09-06 21:35:54.951 | DEBUG    | utils.logger:debug:20 - [FaceEmbedding] Track #2 embedding ignorado — intervalo não atingido (2.7s < 3.0s)
2026-09-06 21:35:55.050 | DEBUG    | utils.logger:debug:20 - [FaceEmbedding] Track #2 embedding ignorado — intervalo não atingido (2.8s < 3.0s)
2026-09-06 21:35:55.148 | DEBUG    | utils.logger:debug:20 - [FaceEmbedding] Track #2 embedding ignorado — intervalo não atingido (2.9s < 3.0s)
2026-09-06 21:35:55.278 | DEBUG    | utils.logger:debug:20 - [FaceCapture] track=1 brilho=110 nitidez=1329
2026-09-06 21:35:55.278 | DEBUG    | utils.logger:debug:20 - [FaceEmbedding] Track #1 embedding ignorado — intervalo não atingido (1.6s < 3.0s)
2026-09-06 21:35:55.329 | DEBUG    | utils.logger:debug:20 - [FaceCapture] track=2 brilho=79 nitidez=539
2026-09-06 21:35:55.329 | DEBUG    | utils.logger:debug:20 - [FaceEmbedding] Track #2 embedding capturado (3/8)
2026-09-06 21:35:55.445 | DEBUG    | utils.logger:debug:20 - [FaceEmbedding] Track #1 embedding ignorado — intervalo não atingido (1.8s < 3.0s)
2026-09-06 21:35:55.463 | DEBUG    | utils.logger:debug:20 - [FaceEmbedding] Track #2 embedding ignorado — intervalo não atingido (0.2s < 3.0s)
2026-09-06 21:35:55.464 | DEBUG    | utils.logger:debug:20 - [FaceSnapshot] Track #2 → face_0004_1788741355.jpg
2026-09-06 21:35:55.545 | DEBUG    | utils.logger:debug:20 - [FaceEmbedding] Track #1 embedding ignorado — intervalo não atingido (1.9s < 3.0s)
2026-09-06 21:35:55.565 | DEBUG    | utils.logger:debug:20 - [FaceEmbedding] Track #2 embedding ignorado — intervalo não atingido (0.3s < 3.0s)
2026-09-06 21:35:55.647 | DEBUG    | utils.logger:debug:20 - [FaceEmbedding] Track #1 embedding ignorado — intervalo não atingido (2.0s < 3.0s)
2026-09-06 21:35:55.667 | DEBUG    | utils.logger:debug:20 - [FaceEmbedding] Track #2 embedding ignorado — intervalo não atingido (0.4s < 3.0s)
2026-09-06 21:35:55.877 | DEBUG    | utils.logger:debug:20 - [FaceCapture] track=2 brilho=72 nitidez=463
2026-09-06 21:35:55.878 | DEBUG    | utils.logger:debug:20 - [FaceEmbedding] Track #2 embedding ignorado — intervalo não atingido (0.5s < 3.0s)
2026-09-06 21:35:55.938 | DEBUG    | utils.logger:debug:20 - [FaceCapture] track=3 brilho=68 nitidez=205
2026-09-06 21:35:55.938 | DEBUG    | utils.logger:debug:20 - [FaceEmbedding] Track #3 embedding capturado (3/8)
2026-09-06 21:35:56.021 | DEBUG    | utils.logger:debug:20 - [FaceEmbedding] Track #2 embedding ignorado — intervalo não atingido (0.8s < 3.0s)
2026-09-06 21:35:56.038 | DEBUG    | utils.logger:debug:20 - [FaceEmbedding] Track #3 embedding ignorado — intervalo não atingido (0.3s < 3.0s)
2026-09-06 21:35:56.120 | DEBUG    | utils.logger:debug:20 - [FaceEmbedding] Track #2 embedding ignorado — intervalo não atingido (0.9s < 3.0s)
2026-09-06 21:35:56.141 | DEBUG    | utils.logger:debug:20 - [FaceEmbedding] Track #3 embedding ignorado — intervalo não atingido (0.4s < 3.0s)
2026-09-06 21:35:56.226 | DEBUG    | utils.logger:debug:20 - [FaceEmbedding] Track #2 embedding ignorado — intervalo não atingido (1.0s < 3.0s)
2026-09-06 21:35:56.243 | DEBUG    | utils.logger:debug:20 - [FaceEmbedding] Track #3 embedding ignorado — intervalo não atingido (0.5s < 3.0s)
2026-09-06 21:35:56.245 | DEBUG    | utils.logger:debug:20 - [FaceSnapshot] Track #3 → face_0004_1788741356.jpg
2026-09-06 21:35:56.381 | DEBUG    | utils.logger:debug:20 - [FaceCapture] track=1 brilho=120 nitidez=1106
2026-09-06 21:35:56.381 | DEBUG    | utils.logger:debug:20 - [FaceEmbedding] Track #1 embedding ignorado — intervalo não atingido (2.7s < 3.0s)
2026-09-06 21:35:56.383 | DEBUG    | utils.logger:debug:20 - [FaceSnapshot] Track #1 → face_0005_1788741356.jpg
2026-09-06 21:35:56.433 | DEBUG    | utils.logger:debug:20 - [FaceCapture] track=2 brilho=132 nitidez=367
2026-09-06 21:35:56.434 | DEBUG    | utils.logger:debug:20 - [FaceEmbedding] Track #2 embedding ignorado — intervalo não atingido (1.1s < 3.0s)
2026-09-06 21:35:56.541 | DEBUG    | utils.logger:debug:20 - [FaceEmbedding] Track #1 embedding ignorado — intervalo não atingido (2.9s < 3.0s)
2026-09-06 21:35:56.561 | DEBUG    | utils.logger:debug:20 - [FaceEmbedding] Track #2 embedding ignorado — intervalo não atingido (1.3s < 3.0s)
2026-09-06 21:35:56.642 | DEBUG    | utils.logger:debug:20 - [FaceEmbedding] Track #1 embedding ignorado — intervalo não atingido (3.0s < 3.0s)
2026-09-06 21:35:56.661 | DEBUG    | utils.logger:debug:20 - [FaceEmbedding] Track #2 embedding ignorado — intervalo não atingido (1.4s < 3.0s)
2026-09-06 21:35:56.746 | DEBUG    | utils.logger:debug:20 - [FaceEmbedding] Track #1 embedding capturado (5/8)
2026-09-06 21:35:56.747 | INFO     | utils.logger:info:11 - [Tracker] Gatilho mantido para Track #1.
2026-09-06 21:35:56.747 | INFO     | utils.logger:info:11 - [AUDITORIA] Evento 'ARM_RAISED' registrado para Track #1 (Risco: 45)
2026-09-06 21:35:56.748 | INFO     | utils.logger:info:11 - [NOTIFICAÇÃO] Alerta despachado: Track #1
2026-09-06 21:35:56.748 | WARNING  | utils.logger:warning:14 - [VideoBuffer:cam_0] Captura já ativa para event d4012b1e-493 — ignorando 37d3a18c-342
2026-09-06 21:35:56.773 | INFO     | utils.logger:info:11 - [FaceStorage] Track #1 promovido → storage\face_tracks\events\37d3a18c-342\track_1 (5 embeddings, 5 foto(s))
2026-09-06 21:35:56.774 | INFO     | utils.logger:info:11 - [ALERTA] ARM_RAISED | track=#1 risk=45 face=b5faab30 person=None event_id=37d3a18c-342
2026-09-06 21:35:57.324 | INFO     | utils.logger:info:11 - [Tracker] Gatilho mantido para Track #1.
2026-09-06 21:35:57.427 | INFO     | utils.logger:info:11 - [Tracker] Gatilho mantido para Track #1.
2026-09-06 21:35:57.446 | INFO     | utils.logger:info:11 - [Perf/61frames] YOLO=50ms Track=0ms Pose=63ms Face=34ms Total=163ms FrameAge=16ms FPS_inf=6.1
2026-09-06 21:35:59.436 | DEBUG    | utils.logger:debug:20 - [FaceCapture] track=2 brilho=70 nitidez=633
2026-09-06 21:35:59.436 | DEBUG    | utils.logger:debug:20 - [FaceEmbedding] Track #2 embedding capturado (4/8)
2026-09-06 21:35:59.437 | DEBUG    | utils.logger:debug:20 - [FaceSnapshot] Track #2 → face_0005_1788741359.jpg
2026-09-06 21:35:59.595 | DEBUG    | utils.logger:debug:20 - [FaceEmbedding] Track #2 embedding ignorado — intervalo não atingido (0.1s < 3.0s)
2026-09-06 21:35:59.691 | DEBUG    | utils.logger:debug:20 - [FaceEmbedding] Track #2 embedding ignorado — intervalo não atingido (0.3s < 3.0s)
2026-09-06 21:35:59.796 | DEBUG    | utils.logger:debug:20 - [FaceEmbedding] Track #2 embedding ignorado — intervalo não atingido (0.4s < 3.0s)
2026-09-06 21:35:59.900 | DEBUG    | utils.logger:debug:20 - [FaceEmbedding] Track #2 embedding ignorado — intervalo não atingido (0.5s < 3.0s)
2026-09-06 21:36:00.023 | DEBUG    | utils.logger:debug:20 - [FaceCapture] track=2 brilho=128 nitidez=455
2026-09-06 21:36:00.023 | DEBUG    | utils.logger:debug:20 - [FaceEmbedding] Track #2 embedding ignorado — intervalo não atingido (0.6s < 3.0s)
2026-09-06 21:36:00.168 | DEBUG    | utils.logger:debug:20 - [FaceEmbedding] Track #2 embedding ignorado — intervalo não atingido (0.7s < 3.0s)
2026-09-06 21:36:00.267 | DEBUG    | utils.logger:debug:20 - [FaceEmbedding] Track #2 embedding ignorado — intervalo não atingido (0.9s < 3.0s)
2026-09-06 21:36:00.371 | DEBUG    | utils.logger:debug:20 - [FaceEmbedding] Track #2 embedding ignorado — intervalo não atingido (1.0s < 3.0s)
2026-09-06 21:36:00.469 | DEBUG    | utils.logger:debug:20 - [FaceEmbedding] Track #2 embedding ignorado — intervalo não atingido (1.1s < 3.0s)
2026-09-06 21:36:00.590 | DEBUG    | utils.logger:debug:20 - [FaceCapture] track=2 brilho=91 nitidez=484
2026-09-06 21:36:00.591 | DEBUG    | utils.logger:debug:20 - [FaceEmbedding] Track #2 embedding ignorado — intervalo não atingido (1.2s < 3.0s)
2026-09-06 21:36:00.739 | DEBUG    | utils.logger:debug:20 - [FaceEmbedding] Track #2 embedding ignorado — intervalo não atingido (1.3s < 3.0s)
2026-09-06 21:36:00.836 | DEBUG    | utils.logger:debug:20 - [FaceEmbedding] Track #2 embedding ignorado — intervalo não atingido (1.4s < 3.0s)
2026-09-06 21:36:00.945 | DEBUG    | utils.logger:debug:20 - [FaceEmbedding] Track #2 embedding ignorado — intervalo não atingido (1.5s < 3.0s)
2026-09-06 21:36:01.043 | DEBUG    | utils.logger:debug:20 - [FaceEmbedding] Track #2 embedding ignorado — intervalo não atingido (1.6s < 3.0s)
2026-09-06 21:36:01.167 | DEBUG    | utils.logger:debug:20 - [FaceCapture] track=2 brilho=79 nitidez=666
2026-09-06 21:36:01.167 | DEBUG    | utils.logger:debug:20 - [FaceEmbedding] Track #2 embedding ignorado — intervalo não atingido (1.7s < 3.0s)
2026-09-06 21:36:01.213 | DEBUG    | utils.logger:debug:20 - [FaceCapture] track=3 brilho=93 nitidez=245
2026-09-06 21:36:01.214 | DEBUG    | utils.logger:debug:20 - [FaceEmbedding] Track #3 embedding capturado (4/8)
2026-09-06 21:36:01.215 | DEBUG    | utils.logger:debug:20 - [FaceSnapshot] Track #3 → face_0005_1788741361.jpg
2026-09-06 21:36:01.324 | DEBUG    | utils.logger:debug:20 - [FaceCapture] track=1 brilho=92 nitidez=1510
2026-09-06 21:36:01.324 | DEBUG    | utils.logger:debug:20 - [FaceEmbedding] Track #1 embedding capturado (6/8)
2026-09-06 21:36:01.325 | DEBUG    | utils.logger:debug:20 - [FaceSnapshot] Track #1 → face_0006_1788741361.jpg
2026-09-06 21:36:01.345 | DEBUG    | utils.logger:debug:20 - [FaceEmbedding] Track #2 embedding ignorado — intervalo não atingido (1.9s < 3.0s)
2026-09-06 21:36:01.367 | DEBUG    | utils.logger:debug:20 - [FaceEmbedding] Track #3 embedding ignorado — intervalo não atingido (0.2s < 3.0s)
2026-09-06 21:36:01.450 | DEBUG    | utils.logger:debug:20 - [FaceEmbedding] Track #1 embedding ignorado — intervalo não atingido (0.2s < 3.0s)
2026-09-06 21:36:01.469 | DEBUG    | utils.logger:debug:20 - [FaceEmbedding] Track #2 embedding ignorado — intervalo não atingido (2.0s < 3.0s)
2026-09-06 21:36:01.470 | DEBUG    | utils.logger:debug:20 - [FaceSnapshot] Track #2 → face_0006_1788741361.jpg
2026-09-06 21:36:01.489 | DEBUG    | utils.logger:debug:20 - [FaceEmbedding] Track #3 embedding ignorado — intervalo não atingido (0.3s < 3.0s)
2026-09-06 21:36:01.558 | DEBUG    | utils.logger:debug:20 - [FaceEmbedding] Track #1 embedding ignorado — intervalo não atingido (0.3s < 3.0s)
2026-09-06 21:36:01.577 | DEBUG    | utils.logger:debug:20 - [MediaPipe|diag] ts=32470186ms landmarks=33 lm0=(0.458,0.239) lm11=(0.587,0.315) lm12=(0.230,0.303) lm23=(0.543,0.516)
2026-09-06 21:36:01.577 | DEBUG    | utils.logger:debug:20 - [FaceEmbedding] Track #2 embedding ignorado — intervalo não atingido (2.2s < 3.0s)
2026-09-06 21:36:01.595 | DEBUG    | utils.logger:debug:20 - [FaceEmbedding] Track #3 embedding ignorado — intervalo não atingido (0.4s < 3.0s)
2026-09-06 21:36:01.662 | DEBUG    | utils.logger:debug:20 - [FaceEmbedding] Track #1 embedding ignorado — intervalo não atingido (0.4s < 3.0s)
2026-09-06 21:36:01.731 | DEBUG    | utils.logger:debug:20 - [FaceCapture] track=2 brilho=75 nitidez=393
2026-09-06 21:36:01.731 | DEBUG    | utils.logger:debug:20 - [FaceEmbedding] Track #2 embedding ignorado — intervalo não atingido (2.3s < 3.0s)
2026-09-06 21:36:01.909 | DEBUG    | utils.logger:debug:20 - [FaceEmbedding] Track #2 embedding ignorado — intervalo não atingido (2.5s < 3.0s)
2026-09-06 21:36:02.007 | DEBUG    | utils.logger:debug:20 - [FaceEmbedding] Track #2 embedding ignorado — intervalo não atingido (2.6s < 3.0s)
2026-09-06 21:36:02.104 | DEBUG    | utils.logger:debug:20 - [FaceEmbedding] Track #2 embedding ignorado — intervalo não atingido (2.7s < 3.0s)
2026-09-06 21:36:02.238 | DEBUG    | utils.logger:debug:20 - [FaceCapture] track=2 brilho=94 nitidez=577
2026-09-06 21:36:02.239 | DEBUG    | utils.logger:debug:20 - [FaceEmbedding] Track #2 embedding ignorado — intervalo não atingido (2.8s < 3.0s)
2026-09-06 21:36:02.255 | DEBUG    | utils.logger:debug:20 - [MediaPipe|diag] ts=32470821ms landmarks=33 lm0=(0.474,0.290) lm11=(0.595,0.371) lm12=(0.339,0.361) lm23=(0.603,0.548)
2026-09-06 21:36:02.291 | DEBUG    | utils.logger:debug:20 - [FaceCapture] track=3 brilho=74 nitidez=376
2026-09-06 21:36:02.292 | DEBUG    | utils.logger:debug:20 - [FaceEmbedding] Track #3 embedding ignorado — intervalo não atingido (1.1s < 3.0s)
2026-09-06 21:36:02.402 | DEBUG    | utils.logger:debug:20 - [FaceCapture] track=1 brilho=97 nitidez=2513
2026-09-06 21:36:02.403 | DEBUG    | utils.logger:debug:20 - [FaceEmbedding] Track #1 embedding ignorado — intervalo não atingido (1.1s < 3.0s)
2026-09-06 21:36:02.421 | DEBUG    | utils.logger:debug:20 - [FaceEmbedding] Track #2 embedding ignorado — intervalo não atingido (3.0s < 3.0s)
2026-09-06 21:36:02.441 | DEBUG    | utils.logger:debug:20 - [FaceEmbedding] Track #3 embedding ignorado — intervalo não atingido (1.2s < 3.0s)
2026-09-06 21:36:02.510 | DEBUG    | utils.logger:debug:20 - [FaceEmbedding] Track #1 embedding ignorado — intervalo não atingido (1.2s < 3.0s)
2026-09-06 21:36:02.529 | DEBUG    | utils.logger:debug:20 - [FaceEmbedding] Track #2 embedding capturado (5/8)
2026-09-06 21:36:02.549 | DEBUG    | utils.logger:debug:20 - [FaceEmbedding] Track #3 embedding ignorado — intervalo não atingido (1.4s < 3.0s)
2026-09-06 21:36:02.647 | DEBUG    | utils.logger:debug:20 - [FaceEmbedding] Track #1 embedding ignorado — intervalo não atingido (1.3s < 3.0s)
2026-09-06 21:36:02.670 | DEBUG    | utils.logger:debug:20 - [FaceEmbedding] Track #2 embedding ignorado — intervalo não atingido (0.1s < 3.0s)
2026-09-06 21:36:02.691 | DEBUG    | utils.logger:debug:20 - [FaceEmbedding] Track #3 embedding ignorado — intervalo não atingido (1.5s < 3.0s)
2026-09-06 21:36:02.770 | DEBUG    | utils.logger:debug:20 - [FaceEmbedding] Track #1 embedding ignorado — intervalo não atingido (1.5s < 3.0s)
2026-09-06 21:36:02.850 | DEBUG    | utils.logger:debug:20 - [FaceCapture] track=2 brilho=142 nitidez=265
2026-09-06 21:36:02.850 | DEBUG    | utils.logger:debug:20 - [FaceEmbedding] Track #2 embedding ignorado — intervalo não atingido (0.3s < 3.0s)
2026-09-06 21:36:03.030 | DEBUG    | utils.logger:debug:20 - [FaceEmbedding] Track #2 embedding ignorado — intervalo não atingido (0.5s < 3.0s)
2026-09-06 21:36:03.140 | DEBUG    | utils.logger:debug:20 - [FaceEmbedding] Track #2 embedding ignorado — intervalo não atingido (0.6s < 3.0s)
2026-09-06 21:36:03.243 | DEBUG    | utils.logger:debug:20 - [FaceEmbedding] Track #2 embedding ignorado — intervalo não atingido (0.7s < 3.0s)
2026-09-06 21:36:03.377 | DEBUG    | utils.logger:debug:20 - [FaceCapture] track=2 brilho=83 nitidez=652
2026-09-06 21:36:03.378 | DEBUG    | utils.logger:debug:20 - [FaceEmbedding] Track #2 embedding ignorado — intervalo não atingido (0.8s < 3.0s)
2026-09-06 21:36:03.425 | DEBUG    | utils.logger:debug:20 - [FaceCapture] track=3 brilho=68 nitidez=398
2026-09-06 21:36:03.425 | DEBUG    | utils.logger:debug:20 - [FaceEmbedding] Track #3 embedding ignorado — intervalo não atingido (2.2s < 3.0s)
2026-09-06 21:36:03.426 | DEBUG    | utils.logger:debug:20 - [FaceSnapshot] Track #3 → face_0006_1788741363.jpg
2026-09-06 21:36:03.586 | DEBUG    | utils.logger:debug:20 - [FaceEmbedding] Track #2 embedding ignorado — intervalo não atingido (1.0s < 3.0s)
2026-09-06 21:36:03.588 | DEBUG    | utils.logger:debug:20 - [FaceSnapshot] Track #2 → face_0007_1788741363.jpg
2026-09-06 21:36:03.607 | DEBUG    | utils.logger:debug:20 - [FaceEmbedding] Track #3 embedding ignorado — intervalo não atingido (2.4s < 3.0s)
2026-09-06 21:36:03.695 | DEBUG    | utils.logger:debug:20 - [FaceEmbedding] Track #2 embedding ignorado — intervalo não atingido (1.2s < 3.0s)
2026-09-06 21:36:03.713 | DEBUG    | utils.logger:debug:20 - [FaceEmbedding] Track #3 embedding ignorado — intervalo não atingido (2.5s < 3.0s)
2026-09-06 21:36:03.802 | DEBUG    | utils.logger:debug:20 - [FaceEmbedding] Track #2 embedding ignorado — intervalo não atingido (1.3s < 3.0s)
2026-09-06 21:36:03.821 | DEBUG    | utils.logger:debug:20 - [FaceEmbedding] Track #3 embedding ignorado — intervalo não atingido (2.7s < 3.0s)
2026-09-06 21:36:03.954 | DEBUG    | utils.logger:debug:20 - [FaceCapture] track=2 brilho=70 nitidez=488
2026-09-06 21:36:03.954 | DEBUG    | utils.logger:debug:20 - [FaceEmbedding] Track #2 embedding ignorado — intervalo não atingido (1.4s < 3.0s)
2026-09-06 21:36:04.013 | DEBUG    | utils.logger:debug:20 - [FaceCapture] track=3 brilho=67 nitidez=602
2026-09-06 21:36:04.013 | DEBUG    | utils.logger:debug:20 - [FaceEmbedding] Track #3 embedding ignorado — intervalo não atingido (2.8s < 3.0s)
2026-09-06 21:36:04.173 | DEBUG    | utils.logger:debug:20 - [FaceEmbedding] Track #2 embedding ignorado — intervalo não atingido (1.6s < 3.0s)
2026-09-06 21:36:04.191 | DEBUG    | utils.logger:debug:20 - [FaceEmbedding] Track #3 embedding ignorado — intervalo não atingido (3.0s < 3.0s)
2026-09-06 21:36:04.279 | DEBUG    | utils.logger:debug:20 - [FaceEmbedding] Track #2 embedding ignorado — intervalo não atingido (1.7s < 3.0s)
2026-09-06 21:36:04.299 | DEBUG    | utils.logger:debug:20 - [FaceEmbedding] Track #3 embedding capturado (5/8)
2026-09-06 21:36:04.395 | DEBUG    | utils.logger:debug:20 - [FaceEmbedding] Track #2 embedding ignorado — intervalo não atingido (1.9s < 3.0s)
2026-09-06 21:36:04.414 | DEBUG    | utils.logger:debug:20 - [FaceEmbedding] Track #3 embedding ignorado — intervalo não atingido (0.1s < 3.0s)
2026-09-06 21:36:04.575 | DEBUG    | utils.logger:debug:20 - [FaceCapture] track=2 brilho=131 nitidez=300
2026-09-06 21:36:04.575 | DEBUG    | utils.logger:debug:20 - [FaceEmbedding] Track #2 embedding ignorado — intervalo não atingido (2.0s < 3.0s)
2026-09-06 21:36:04.777 | DEBUG    | utils.logger:debug:20 - [FaceEmbedding] Track #2 embedding ignorado — intervalo não atingido (2.2s < 3.0s)
2026-09-06 21:36:04.851 | INFO     | utils.logger:info:11 - [AUDITORIA] Evento 'COLISAO' registrado para Track #1 (Risco: 75)
2026-09-06 21:36:04.852 | INFO     | utils.logger:info:11 - [NOTIFICAÇÃO] Alerta despachado: Track #1
2026-09-06 21:36:04.852 | WARNING  | utils.logger:warning:14 - [VideoBuffer:cam_0] Captura já ativa para event d4012b1e-493 — ignorando 3303cba4-9bf
2026-09-06 21:36:04.876 | INFO     | utils.logger:info:11 - [FaceStorage] Track #1 promovido → storage\face_tracks\events\3303cba4-9bf\track_1 (6 embeddings, 6 foto(s))
2026-09-06 21:36:04.877 | INFO     | utils.logger:info:11 - [ALERTA] COLISAO | track=#1 risk=75 face=b5faab30 person=None event_id=3303cba4-9bf
2026-09-06 21:36:05.309 | DEBUG    | utils.logger:debug:20 - [MediaPipe|diag] ts=32473490ms landmarks=33 lm0=(0.652,0.267) lm11=(0.735,0.332) lm12=(0.508,0.315) lm23=(0.699,0.551)
2026-09-06 21:36:05.416 | DEBUG    | utils.logger:debug:20 - [FaceCapture] track=2 brilho=69 nitidez=353
2026-09-06 21:36:05.416 | DEBUG    | utils.logger:debug:20 - [FaceEmbedding] Track #2 embedding ignorado — intervalo não atingido (2.4s < 3.0s)
2026-09-06 21:36:05.477 | INFO     | utils.logger:info:11 - [EvidenceManager] Frames prontos para event d4012b1e-493: pre=42 post=105
2026-09-06 21:36:05.578 | DEBUG    | utils.logger:debug:20 - [FaceEmbedding] Track #2 embedding capturado (6/8)
2026-09-06 21:36:05.579 | DEBUG    | utils.logger:debug:20 - [FaceSnapshot] Track #2 → face_0008_1788741365.jpg
2026-09-06 21:36:05.709 | DEBUG    | utils.logger:debug:20 - [FaceEmbedding] Track #2 embedding ignorado — intervalo não atingido (0.1s < 3.0s)
2026-09-06 21:36:05.765 | INFO     | utils.logger:info:11 - [EvidenceCapture] Gerando vídeo: 147 frames @ 7.3fps ≈ 20.2s → storage\events\2026\09\06\event_d4012b1e-493.mp4
2026-09-06 21:36:05.767 | INFO     | utils.logger:info:11 - Câmera encerrada.
2026-09-06 21:36:05.780 | INFO     | utils.logger:info:11 - === Cam-Security Finalizado ===
